// Jest Snapshot v1, https://goo.gl/fbAQLP

exports[`components/statistics-table/grid-table should render 1`] = `"<TypographyWithBox type=\\"h6\\" text=\\"Data not found at World Bank center\\" />"`;
